******************************************************************************
                  TI ARM Linker PC v16.12.0                    
******************************************************************************
>> Linked Wed Jul  4 20:43:51 2018

OUTPUT FILE NAME:   <Entrega.out>
ENTRY POINT SYMBOL: "_c_int00"  address: 000008c1


MEMORY CONFIGURATION

         name            origin    length      used     unused   attr    fill
----------------------  --------  ---------  --------  --------  ----  --------
  FLASH                 00000000   00040000  00000a4c  0003f5b4  R  X
  SRAM                  20000000   00008000  0000023c  00007dc4  RW X


SEGMENT ALLOCATION MAP

run origin  load origin   length   init length attrs members
----------  ----------- ---------- ----------- ----- -------
00000000    00000000    00000a50   00000a50    r-x
  00000000    00000000    0000026c   0000026c    r-- .intvecs
  0000026c    0000026c    000007a0   000007a0    r-x .text
  00000a10    00000a10    00000040   00000040    r-- .cinit
20000000    20000000    0000023c   00000000    rw-
  20000000    20000000    00000200   00000000    rw- .stack
  20000200    20000200    00000020   00000000    rw- .data
  20000220    20000220    0000001c   00000000    rw- .bss


SECTION ALLOCATION MAP

 output                                  attributes/
section   page    origin      length       input sections
--------  ----  ----------  ----------   ----------------
.intvecs   0    00000000    0000026c     
                  00000000    0000026c     tm4c123gh6pm_startup_ccs.obj (.intvecs)

.text      0    0000026c    000007a0     
                  0000026c    00000464     main.obj (.text)
                  000006d0    0000009c     rtsv7M4_T_le_v4SPD16_eabi.lib : memcpy_t2.obj (.text)
                  0000076c    0000007a                                   : memset_t2.obj (.text)
                  000007e6    00000002                                   : mpu_init.obj (.text)
                  000007e8    00000070                                   : autoinit.obj (.text)
                  00000858    00000068                                   : copy_decompress_lzss.obj (.text:decompress:lzss)
                  000008c0    00000054                                   : boot.obj (.text)
                  00000914    00000054                                   : exit.obj (.text)
                  00000968    0000004c                                   : cpy_tbl.obj (.text)
                  000009b4    00000018                                   : args_main.obj (.text)
                  000009cc    00000014                                   : _lock.obj (.text)
                  000009e0    0000000e                                   : copy_decompress_none.obj (.text:decompress:none)
                  000009ee    0000000c                                   : copy_zero_init.obj (.text:decompress:ZI)
                  000009fa    0000000c     tm4c123gh6pm_startup_ccs.obj (.text)
                  00000a06    00000004     rtsv7M4_T_le_v4SPD16_eabi.lib : pre_init.obj (.text)
                  00000a0a    00000002                                   : startup.obj (.text)

.cinit     0    00000a10    00000040     
                  00000a10    00000016     (.cinit..data.load) [load image, compression = lzss]
                  00000a26    00000002     --HOLE-- [fill = 0]
                  00000a28    0000000c     (__TI_handler_table)
                  00000a34    00000004     --HOLE-- [fill = 0]
                  00000a38    00000008     (.cinit..bss.load) [load image, compression = zero_init]
                  00000a40    00000010     (__TI_cinit_table)

.init_array 
*          0    00000000    00000000     UNINITIALIZED

.data      0    20000200    00000020     UNINITIALIZED
                  20000200    0000000c     rtsv7M4_T_le_v4SPD16_eabi.lib : exit.obj (.data:$O1$$)
                  2000020c    00000008                                   : _lock.obj (.data:$O1$$)
                  20000214    00000008     main.obj (.data)
                  2000021c    00000004     rtsv7M4_T_le_v4SPD16_eabi.lib : stkdepth_vars.obj (.data)

.bss       0    20000220    0000001c     UNINITIALIZED
                  20000220    00000014     (.common:moves)
                  20000234    00000004     (.common:leituraEixoX)
                  20000238    00000004     (.common:leituraEixoY)

.stack     0    20000000    00000200     UNINITIALIZED
                  20000000    00000200     --HOLE--

MODULE SUMMARY

       Module                         code   ro data   rw data
       ------                         ----   -------   -------
    .\
       main.obj                       1124   0         36     
       tm4c123gh6pm_startup_ccs.obj   12     620       0      
    +--+------------------------------+------+---------+---------+
       Total:                         1136   620       36     
                                                              
    C:\programas\ti\ccsv7\tools\compiler\ti-cgt-arm_16.12.0.STS\lib\rtsv7M4_T_le_v4SPD16_eabi.lib
       memcpy_t2.obj                  156    0         0      
       memset_t2.obj                  122    0         0      
       autoinit.obj                   112    0         0      
       copy_decompress_lzss.obj       104    0         0      
       exit.obj                       84     0         12     
       boot.obj                       84     0         0      
       cpy_tbl.obj                    76     0         0      
       _lock.obj                      20     0         8      
       args_main.obj                  24     0         0      
       copy_decompress_none.obj       14     0         0      
       copy_zero_init.obj             12     0         0      
       pre_init.obj                   4      0         0      
       stkdepth_vars.obj              0      0         4      
       mpu_init.obj                   2      0         0      
       startup.obj                    2      0         0      
    +--+------------------------------+------+---------+---------+
       Total:                         816    0         24     
                                                              
       Stack:                         0      0         512    
       Linker Generated:              0      58        0      
    +--+------------------------------+------+---------+---------+
       Grand Total:                   1952   678       572    


LINKER GENERATED COPY TABLES

__TI_cinit_table @ 00000a40 records: 2, size/record: 8, table size: 16
	.data: load addr=00000a10, load size=00000016 bytes, run addr=20000200, run size=00000020 bytes, compression=lzss
	.bss: load addr=00000a38, load size=00000008 bytes, run addr=20000220, run size=0000001c bytes, compression=zero_init


LINKER GENERATED HANDLER TABLE

__TI_handler_table @ 00000a28 records: 3, size/record: 4, table size: 12
	index: 0, handler: __TI_decompress_lzss
	index: 1, handler: __TI_decompress_none
	index: 2, handler: __TI_zero_init


GLOBAL SYMBOLS: SORTED ALPHABETICALLY BY Name 

address   name                           
-------   ----                           
0000027d  ANALOG_Init                    
000002eb  BOT_Init                       
00000915  C$$EXIT                        
000009fb  ResetISR                       
UNDEFED   SHT$$INIT_ARRAY$$Base          
UNDEFED   SHT$$INIT_ARRAY$$Limit         
0000026d  SYSTICK_Init                   
00000497  TrataPortA                     
00000575  TrataPortB                     
000003db  TrataSystick                   
00000365  UART0_Init                     
000003bf  UART0_OutChar                  
20000200  __STACK_END                    
00000200  __STACK_SIZE                   
20000200  __STACK_TOP                    
00000a40  __TI_CINIT_Base                
00000a50  __TI_CINIT_Limit               
00000a28  __TI_Handler_Table_Base        
00000a34  __TI_Handler_Table_Limit       
000007e9  __TI_auto_init                 
20000200  __TI_cleanup_ptr               
00000859  __TI_decompress_lzss           
000009e1  __TI_decompress_none           
20000204  __TI_dtors_ptr                 
20000208  __TI_enable_exit_profile_output
ffffffff  __TI_pprof_out_hndl            
ffffffff  __TI_prof_data_size            
ffffffff  __TI_prof_data_start           
00000000  __TI_static_base__             
000009ef  __TI_zero_init                 
0000076d  __aeabi_memclr                 
0000076d  __aeabi_memclr4                
0000076d  __aeabi_memclr8                
000006d1  __aeabi_memcpy                 
000006d1  __aeabi_memcpy4                
000006d1  __aeabi_memcpy8                
0000076f  __aeabi_memset                 
0000076f  __aeabi_memset4                
0000076f  __aeabi_memset8                
ffffffff  __binit__                      
ffffffff  __c_args__                     
000007e7  __mpu_init                     
20000000  __stack                        
000009b5  _args_main                     
000008c1  _c_int00                       
2000020c  _lock                          
000009db  _nop                           
000009d3  _register_lock                 
000009cd  _register_unlock               
00000a0b  _system_post_cinit             
00000a07  _system_pre_init               
20000210  _unlock                        
00000919  abort                          
ffffffff  binit                          
00000969  copy_in                        
00000921  exit                           
00000000  g_pfnVectors                   
20000214  i                              
20000234  leituraEixoX                   
20000238  leituraEixoY                   
00000641  main                           
2000021c  main_func_sp                   
000006d1  memcpy                         
00000775  memset                         
20000220  moves                          
20000218  tempo                          


GLOBAL SYMBOLS: SORTED BY Symbol Address 

address   name                           
-------   ----                           
00000000  __TI_static_base__             
00000000  g_pfnVectors                   
00000200  __STACK_SIZE                   
0000026d  SYSTICK_Init                   
0000027d  ANALOG_Init                    
000002eb  BOT_Init                       
00000365  UART0_Init                     
000003bf  UART0_OutChar                  
000003db  TrataSystick                   
00000497  TrataPortA                     
00000575  TrataPortB                     
00000641  main                           
000006d1  __aeabi_memcpy                 
000006d1  __aeabi_memcpy4                
000006d1  __aeabi_memcpy8                
000006d1  memcpy                         
0000076d  __aeabi_memclr                 
0000076d  __aeabi_memclr4                
0000076d  __aeabi_memclr8                
0000076f  __aeabi_memset                 
0000076f  __aeabi_memset4                
0000076f  __aeabi_memset8                
00000775  memset                         
000007e7  __mpu_init                     
000007e9  __TI_auto_init                 
00000859  __TI_decompress_lzss           
000008c1  _c_int00                       
00000915  C$$EXIT                        
00000919  abort                          
00000921  exit                           
00000969  copy_in                        
000009b5  _args_main                     
000009cd  _register_unlock               
000009d3  _register_lock                 
000009db  _nop                           
000009e1  __TI_decompress_none           
000009ef  __TI_zero_init                 
000009fb  ResetISR                       
00000a07  _system_pre_init               
00000a0b  _system_post_cinit             
00000a28  __TI_Handler_Table_Base        
00000a34  __TI_Handler_Table_Limit       
00000a40  __TI_CINIT_Base                
00000a50  __TI_CINIT_Limit               
20000000  __stack                        
20000200  __STACK_END                    
20000200  __STACK_TOP                    
20000200  __TI_cleanup_ptr               
20000204  __TI_dtors_ptr                 
20000208  __TI_enable_exit_profile_output
2000020c  _lock                          
20000210  _unlock                        
20000214  i                              
20000218  tempo                          
2000021c  main_func_sp                   
20000220  moves                          
20000234  leituraEixoX                   
20000238  leituraEixoY                   
ffffffff  __TI_pprof_out_hndl            
ffffffff  __TI_prof_data_size            
ffffffff  __TI_prof_data_start           
ffffffff  __binit__                      
ffffffff  __c_args__                     
ffffffff  binit                          
UNDEFED   SHT$$INIT_ARRAY$$Base          
UNDEFED   SHT$$INIT_ARRAY$$Limit         

[66 symbols]
